exports[`test Link changes the class when hovered 1`] = `
<div>
  <section
    className="mdl-layout__tab-panel is-active"
    id="scroll-tab-1">
    <div
      className="page-content">
      <div
        className="w100 inbl spaced">
        <div
          className="mdl-card w100 mdl-shadow--2dp">
          <div
            className="mdl-card__supporting-text w100">
            <div
              className="mdl-textfield mdl-js-textfield mdl-textfield--floating-label w100">
              <input
                className="mdl-textfield__input"
                id="login"
                type="text" />
              <label
                className="mdl-textfield__label"
                htmlFor="login">
                Username
              </label>
            </div>
            <div
              className="mdl-textfield mdl-js-textfield mdl-textfield--floating-label w100">
              <input
                className="mdl-textfield__input"
                id="password"
                type="text" />
              <label
                className="mdl-textfield__label"
                htmlFor="password">
                Password
              </label>
            </div>
          </div>
        </div>
      </div>
      <div
        className="w50 inbl spaced">
        <div
          className="mdl-card w100 mdl-shadow--2dp">
          <div
            className="mdl-card__supporting-text w100">
            <p>
              Lorem ipsum dolor sit amet, consectetur adipiscing elit, sed do eiusmod tempor incididunt ut labore et dolore magna aliqua. Ut enim ad minim veniam, quis nostrud exercitation ullamco laboris nisi ut aliquip ex ea commodo consequat. Duis aute irure dolor in reprehenderit in voluptate velit esse cillum dolore eu fugiat nulla pariatur. Excepteur sint occaecat cupidatat non proident, sunt in culpa qui officia deserunt mollit anim id est laborum.
            </p>
          </div>
        </div>
      </div>
      <div
        className="w50 inbl spaced">
        <div
          className="mdl-card w100 mdl-shadow--2dp">
          Page 1
        </div>
      </div>
      <div
        className="w100 inbl spaced">
        <div
          className="mdl-card w100 mdl-shadow--2dp">
          Page 1
        </div>
      </div>
    </div>
  </section>
  <section
    className="mdl-layout__tab-panel "
    id="scroll-tab-2">
    <div
      className="page-content">
      Page 2
    </div>
  </section>
  <section
    className="mdl-layout__tab-panel "
    id="scroll-tab-3">
    <div
      className="page-content">
      Page 3
    </div>
  </section>
</div>
`;
